// Jest Snapshot v1, https://goo.gl/fbAQLP

exports[`test logWorld() return greeting sentence 1`] = `"Wello Sandrina!"`;
